2026-08-09 00:04:00,164 DEBUG auto_shorts Transcription output path: C:\Users\rajas\.cache\auto-shorts\Amitsha-e4406904437fb3b0423fa58e7532057df925e325-237c9da1a68dff540a7be46f6633b7ac243e5651.transcript.json
2026-08-09 00:04:00,166 DEBUG auto_shorts Transcript segments: 36, words: 0
2026-08-09 00:05:37,277 DEBUG auto_shorts Detected silences: 78
2026-08-09 00:05:37,281 DEBUG auto_shorts Initial candidate clips: 14
2026-08-09 00:06:36,132 DEBUG auto_shorts Transcription output path: C:\Users\rajas\.cache\auto-shorts\Amitsha-e4406904437fb3b0423fa58e7532057df925e325-237c9da1a68dff540a7be46f6633b7ac243e5651.transcript.json
2026-08-09 00:06:36,134 DEBUG auto_shorts Transcript segments: 36, words: 0
2026-08-09 00:08:16,611 DEBUG auto_shorts Detected silences: 78
2026-08-09 00:08:16,617 DEBUG auto_shorts Initial candidate clips: 14
2026-08-09 00:08:44,526 ERROR auto_shorts Project 27 failed while processing D:\tmp\Amitsha.MP4
Traceback (most recent call last):
  File "D:\Nagaraj\soft\Development\auto-shorts\auto_shorts\runner.py", line 78, in run_project
    results = export.export_clips(
              ^^^^^^^^^^^^^^^^^^^^
  File "D:\Nagaraj\soft\Development\auto-shorts\auto_shorts\export.py", line 305, in export_clips
    os.replace(str(proc_file), str(out_file))
OSError: [WinError 17] The system cannot move the file to a different disk drive: 'C:\\Users\\rajas\\AppData\\Local\\Temp\\tmp9dlfclos\\cut_01.mp4' -> 'output\\project_27\\YouTube_Shorts\\clip_youtube_shorts_01.mp4'
2026-08-09 00:08:44,537 ERROR auto_shorts Export failed during last-dry-run export
Traceback (most recent call last):
  File "D:\Nagaraj\soft\Development\auto-shorts\auto_shorts\streamlit_app.py", line 243, in <module>
    manifest_path = runner.run_project(
                    ^^^^^^^^^^^^^^^^^^^
  File "D:\Nagaraj\soft\Development\auto-shorts\auto_shorts\runner.py", line 78, in run_project
    results = export.export_clips(
              ^^^^^^^^^^^^^^^^^^^^
  File "D:\Nagaraj\soft\Development\auto-shorts\auto_shorts\export.py", line 305, in export_clips
    os.replace(str(proc_file), str(out_file))
OSError: [WinError 17] The system cannot move the file to a different disk drive: 'C:\\Users\\rajas\\AppData\\Local\\Temp\\tmp9dlfclos\\cut_01.mp4' -> 'output\\project_27\\YouTube_Shorts\\clip_youtube_shorts_01.mp4'
2026-08-09 00:17:17,431 ERROR auto_shorts Pipeline failed during dry-run
Traceback (most recent call last):
  File "D:\Nagaraj\soft\Development\auto-shorts\auto_shorts\streamlit_app.py", line 175, in <module>
    manifest_path = runner.run_project(
                    ^^^^^^^^^^^^^^^^^^^
TypeError: run_project() got an unexpected keyword argument 'num_shorts'
2026-08-09 00:19:53,891 ERROR auto_shorts Pipeline failed during dry-run
Traceback (most recent call last):
  File "D:\Nagaraj\soft\Development\auto-shorts\auto_shorts\streamlit_app.py", line 175, in <module>
    manifest_path = runner.run_project(
                    ^^^^^^^^^^^^^^^^^^^
TypeError: run_project() got an unexpected keyword argument 'num_shorts'
2026-08-09 00:20:02,679 ERROR auto_shorts Pipeline failed during dry-run
Traceback (most recent call last):
  File "D:\Nagaraj\soft\Development\auto-shorts\auto_shorts\streamlit_app.py", line 175, in <module>
    manifest_path = runner.run_project(
                    ^^^^^^^^^^^^^^^^^^^
TypeError: run_project() got an unexpected keyword argument 'num_shorts'
2026-08-09 00:20:03,610 ERROR auto_shorts Pipeline failed during dry-run
Traceback (most recent call last):
  File "D:\Nagaraj\soft\Development\auto-shorts\auto_shorts\streamlit_app.py", line 175, in <module>
    manifest_path = runner.run_project(
                    ^^^^^^^^^^^^^^^^^^^
TypeError: run_project() got an unexpected keyword argument 'num_shorts'
2026-08-09 00:22:26,652 DEBUG auto_shorts Transcription output path: C:\Users\rajas\.cache\auto-shorts\Amitsha-e4406904437fb3b0423fa58e7532057df925e325-237c9da1a68dff540a7be46f6633b7ac243e5651.transcript.json
2026-08-09 00:22:26,653 DEBUG auto_shorts Transcript segments: 36, words: 0
2026-08-09 00:24:11,926 DEBUG auto_shorts Detected silences: 78
2026-08-09 00:24:11,930 DEBUG auto_shorts Initial candidate clips: 2
2026-08-09 00:24:36,102 DEBUG auto_shorts Transcription output path: C:\Users\rajas\.cache\auto-shorts\Amitsha-e4406904437fb3b0423fa58e7532057df925e325-237c9da1a68dff540a7be46f6633b7ac243e5651.transcript.json
2026-08-09 00:24:36,103 DEBUG auto_shorts Transcript segments: 36, words: 0
2026-08-09 00:26:26,219 DEBUG auto_shorts Detected silences: 78
2026-08-09 00:26:26,223 DEBUG auto_shorts Initial candidate clips: 2
2026-08-09 06:59:51,697 DEBUG auto_shorts Transcription output path: C:\Users\rajas\.cache\auto-shorts\Amitsha-e4406904437fb3b0423fa58e7532057df925e325-237c9da1a68dff540a7be46f6633b7ac243e5651.transcript.json
2026-08-09 06:59:51,701 DEBUG auto_shorts Transcript segments: 36, words: 0
2026-08-09 07:02:02,138 DEBUG auto_shorts Detected silences: 78
2026-08-09 07:02:02,154 DEBUG auto_shorts Initial candidate clips: 3
2026-08-09 07:03:07,373 DEBUG auto_shorts Transcription output path: C:\Users\rajas\.cache\auto-shorts\Amitsha-e4406904437fb3b0423fa58e7532057df925e325-237c9da1a68dff540a7be46f6633b7ac243e5651.transcript.json
2026-08-09 07:03:07,373 DEBUG auto_shorts Transcript segments: 36, words: 0
2026-08-09 07:05:31,838 DEBUG auto_shorts Detected silences: 78
2026-08-09 07:05:31,852 DEBUG auto_shorts Initial candidate clips: 3
2026-08-09 07:13:48,592 DEBUG auto_shorts Transcription output path: C:\Users\rajas\.cache\auto-shorts\Amitsha-e4406904437fb3b0423fa58e7532057df925e325-237c9da1a68dff540a7be46f6633b7ac243e5651.transcript.json
2026-08-09 07:13:48,593 DEBUG auto_shorts Transcript segments: 36, words: 0
2026-08-09 07:15:10,819 DEBUG auto_shorts Detected silences: 78
2026-08-09 07:15:10,829 DEBUG auto_shorts Initial candidate clips: 3
2026-08-09 07:16:31,505 DEBUG auto_shorts Transcription output path: C:\Users\rajas\.cache\auto-shorts\Amitsha-e4406904437fb3b0423fa58e7532057df925e325-237c9da1a68dff540a7be46f6633b7ac243e5651.transcript.json
2026-08-09 07:16:31,506 DEBUG auto_shorts Transcript segments: 36, words: 0
2026-08-09 07:17:58,567 DEBUG auto_shorts Detected silences: 78
2026-08-09 07:17:58,567 DEBUG auto_shorts Initial candidate clips: 3
2026-08-09 07:25:49,695 DEBUG auto_shorts Transcription output path: C:\Users\rajas\.cache\auto-shorts\Amitsha-e4406904437fb3b0423fa58e7532057df925e325-237c9da1a68dff540a7be46f6633b7ac243e5651.transcript.json
2026-08-09 07:25:49,696 DEBUG auto_shorts Transcript segments: 36, words: 0
2026-08-09 07:27:14,999 DEBUG auto_shorts Detected silences: 78
2026-08-09 07:27:15,000 DEBUG auto_shorts Initial candidate clips: 2
2026-08-09 07:27:51,109 DEBUG auto_shorts Transcription output path: C:\Users\rajas\.cache\auto-shorts\Amitsha-e4406904437fb3b0423fa58e7532057df925e325-237c9da1a68dff540a7be46f6633b7ac243e5651.transcript.json
2026-08-09 07:27:51,110 DEBUG auto_shorts Transcript segments: 36, words: 0
2026-08-09 07:29:23,316 DEBUG auto_shorts Detected silences: 78
2026-08-09 07:29:23,323 DEBUG auto_shorts Initial candidate clips: 2
2026-08-09 07:31:03,173 DEBUG auto_shorts Transcription output path: C:\Users\rajas\.cache\auto-shorts\Amitsha-e4406904437fb3b0423fa58e7532057df925e325-237c9da1a68dff540a7be46f6633b7ac243e5651.transcript.json
2026-08-09 07:31:03,175 DEBUG auto_shorts Transcript segments: 36, words: 0
2026-08-09 07:32:28,534 DEBUG auto_shorts Detected silences: 78
2026-08-09 07:32:28,537 DEBUG auto_shorts Initial candidate clips: 3
2026-08-09 07:33:51,696 DEBUG auto_shorts Transcription output path: C:\Users\rajas\.cache\auto-shorts\Amitsha-e4406904437fb3b0423fa58e7532057df925e325-237c9da1a68dff540a7be46f6633b7ac243e5651.transcript.json
2026-08-09 07:33:51,697 DEBUG auto_shorts Transcript segments: 36, words: 0
2026-08-09 07:35:14,700 DEBUG auto_shorts Detected silences: 78
2026-08-09 07:35:14,700 DEBUG auto_shorts Initial candidate clips: 3
